../Core/Src/main.c:122:6:HAL_SYSTICK_Handler	4	static
../Core/Src/main.c:140:1:__io_putchar	16	static
../Core/Src/main.c:154:6:HAL_TIM_PeriodElapsedCallback	16	static
../Core/Src/main.c:163:6:delay_us	16	static
../Core/Src/main.c:175:5:main	8	static
../Core/Src/main.c:294:6:SystemClock_Config	88	static
../Core/Src/main.c:341:13:MX_ETH_Init	8	static
../Core/Src/main.c:390:13:MX_I2C1_Init	8	static
../Core/Src/main.c:438:13:MX_RTC_Init	32	static
../Core/Src/main.c:501:13:MX_TIM2_Init	48	static
../Core/Src/main.c:550:13:MX_TIM3_Init	32	static
../Core/Src/main.c:598:13:MX_TIM4_Init	64	static
../Core/Src/main.c:657:13:MX_TIM5_Init	64	static
../Core/Src/main.c:716:13:MX_TIM10_Init	8	static
../Core/Src/main.c:747:13:MX_TIM11_Init	8	static
../Core/Src/main.c:778:13:MX_USART3_UART_Init	8	static
../Core/Src/main.c:811:13:MX_USB_OTG_FS_PCD_Init	8	static
../Core/Src/main.c:846:13:MX_GPIO_Init	64	static
../Core/Src/main.c:971:6:Error_Handler	4	static,ignoring_inline_asm
